
=== 00 | LINHA DE BASE ===
Dados íntegros: todos os testes passam e os marts são publicados.

Gerando dados de 2023-01-01 a 2026-09-29 (seed=42)
  customers          779 linhas -> data/raw/customers.parquet
  subscriptions      955 linhas -> data/raw/subscriptions.parquet
  invoices         9,645 linhas -> data/raw/invoices.parquet
  payments         9,535 linhas -> data/raw/payments.parquet
02:22:07  Running with dbt=1.12.5
02:22:08  Registered adapter: duckdb=1.11.0
02:22:08  Found 13 models, 62 data tests, 1 seed, 4 sources, 822 macros
02:22:08  
02:22:08  Concurrency: 4 threads (target='dev')
02:22:08  
02:22:08  1 of 76 START sql view model staging.stg_fitcore__customers .................... [RUN]
02:22:08  2 of 76 START sql view model staging.stg_fitcore__subscriptions ................ [RUN]
02:22:08  3 of 76 START seed file raw.plans .............................................. [RUN]
02:22:08  4 of 76 START test dbt_expectations_source_expect_column_values_to_be_in_type_list_fitcore_raw_payments_amount_paid__DOUBLE__DECIMAL_14__2_  [RUN]
02:22:09  3 of 76 OK loaded seed file raw.plans .......................................... [INSERT 6 in 0.19s]
02:22:09  5 of 76 START test dbt_expectations_source_expect_table_columns_to_match_ordered_list_fitcore_raw_invoices_invoice_id__subscription_id__customer_id__issued_date__period_start__period_end__amount__currency__status  [RUN]
02:22:09  2 of 76 OK created sql view model staging.stg_fitcore__subscriptions ........... [OK in 0.20s]
02:22:09  6 of 76 START test dbt_expectations_source_expect_table_columns_to_match_ordered_list_fitcore_raw_payments_payment_id__invoice_id__paid_at__amount_paid__payment_method  [RUN]
02:22:09  1 of 76 OK created sql view model staging.stg_fitcore__customers ............... [OK in 0.26s]
02:22:09  7 of 76 START sql view model staging.stg_fitcore__plans ........................ [RUN]
02:22:09  4 of 76 PASS dbt_expectations_source_expect_column_values_to_be_in_type_list_fitcore_raw_payments_amount_paid__DOUBLE__DECIMAL_14__2_  [PASS in 0.30s]
02:22:09  8 of 76 START test dbt_expectations_expect_column_pair_values_A_to_be_greater_than_B_stg_fitcore__subscriptions_end_date__start_date__end_date_is_not_null  [RUN]
02:22:09  7 of 76 OK created sql view model staging.stg_fitcore__plans ................... [OK in 0.11s]
02:22:09  9 of 76 START test dbt_expectations_expect_column_values_to_be_between_stg_fitcore__subscriptions_discount_pct__0_3__0  [RUN]
02:22:09  6 of 76 PASS dbt_expectations_source_expect_table_columns_to_match_ordered_list_fitcore_raw_payments_payment_id__invoice_id__paid_at__amount_paid__payment_method  [PASS in 0.18s]
02:22:09  10 of 76 START test dbt_expectations_expect_column_values_to_be_in_set_stg_fitcore__subscriptions_status__active__canceled__replaced  [RUN]
02:22:09  5 of 76 PASS dbt_expectations_source_expect_table_columns_to_match_ordered_list_fitcore_raw_invoices_invoice_id__subscription_id__customer_id__issued_date__period_start__period_end__amount__currency__status  [PASS in 0.24s]
02:22:09  11 of 76 START test not_null_stg_fitcore__subscriptions_customer_id ............ [RUN]
02:22:09  8 of 76 PASS dbt_expectations_expect_column_pair_values_A_to_be_greater_than_B_stg_fitcore__subscriptions_end_date__start_date__end_date_is_not_null  [PASS in 0.15s]
02:22:09  12 of 76 START test not_null_stg_fitcore__subscriptions_discount_pct ........... [RUN]
02:22:09  9 of 76 PASS dbt_expectations_expect_column_values_to_be_between_stg_fitcore__subscriptions_discount_pct__0_3__0  [PASS in 0.12s]
02:22:09  13 of 76 START test not_null_stg_fitcore__subscriptions_plan_id ................ [RUN]
02:22:09  10 of 76 PASS dbt_expectations_expect_column_values_to_be_in_set_stg_fitcore__subscriptions_status__active__canceled__replaced  [PASS in 0.12s]
02:22:09  14 of 76 START test not_null_stg_fitcore__subscriptions_start_date ............. [RUN]
02:22:09  11 of 76 PASS not_null_stg_fitcore__subscriptions_customer_id .................. [PASS in 0.11s]
02:22:09  15 of 76 START test not_null_stg_fitcore__subscriptions_subscription_id ........ [RUN]
02:22:09  12 of 76 PASS not_null_stg_fitcore__subscriptions_discount_pct ................. [PASS in 0.08s]
02:22:09  16 of 76 START test unique_stg_fitcore__subscriptions_subscription_id .......... [RUN]
02:22:09  13 of 76 PASS not_null_stg_fitcore__subscriptions_plan_id ...................... [PASS in 0.11s]
02:22:09  17 of 76 START test dbt_expectations_expect_column_values_to_match_regex_stg_fitcore__customers_cnpj___d_2_d_3_d_3_d_4_d_2_  [RUN]
02:22:09  14 of 76 PASS not_null_stg_fitcore__subscriptions_start_date ................... [PASS in 0.11s]
02:22:09  15 of 76 PASS not_null_stg_fitcore__subscriptions_subscription_id .............. [PASS in 0.10s]
02:22:09  19 of 76 START test not_null_stg_fitcore__customers_created_at ................. [RUN]
02:22:09  18 of 76 START test not_null_stg_fitcore__customers_cnpj ....................... [RUN]
02:22:09  16 of 76 PASS unique_stg_fitcore__subscriptions_subscription_id ................ [PASS in 0.10s]
02:22:09  20 of 76 START test not_null_stg_fitcore__customers_customer_id ................ [RUN]
02:22:09  19 of 76 PASS not_null_stg_fitcore__customers_created_at ....................... [PASS in 0.08s]
02:22:09  17 of 76 PASS dbt_expectations_expect_column_values_to_match_regex_stg_fitcore__customers_cnpj___d_2_d_3_d_3_d_4_d_2_  [PASS in 0.11s]
02:22:09  21 of 76 START test relationships_stg_fitcore__subscriptions_customer_id__customer_id__ref_stg_fitcore__customers_  [RUN]
02:22:09  22 of 76 START test unique_stg_fitcore__customers_customer_id .................. [RUN]
02:22:09  18 of 76 PASS not_null_stg_fitcore__customers_cnpj ............................. [PASS in 0.08s]
02:22:09  23 of 76 START test accepted_values_stg_fitcore__plans_billing_period__monthly__annual  [RUN]
02:22:09  20 of 76 PASS not_null_stg_fitcore__customers_customer_id ...................... [PASS in 0.09s]
02:22:09  24 of 76 START test dbt_expectations_expect_column_values_to_be_between_stg_fitcore__plans_list_price__0__True  [RUN]
02:22:09  22 of 76 PASS unique_stg_fitcore__customers_customer_id ........................ [PASS in 0.08s]
02:22:09  25 of 76 START test not_null_stg_fitcore__plans_list_price ..................... [RUN]
02:22:09  21 of 76 PASS relationships_stg_fitcore__subscriptions_customer_id__customer_id__ref_stg_fitcore__customers_  [PASS in 0.12s]
02:22:09  26 of 76 START test not_null_stg_fitcore__plans_plan_id ........................ [RUN]
02:22:09  23 of 76 PASS accepted_values_stg_fitcore__plans_billing_period__monthly__annual  [PASS in 0.11s]
02:22:09  27 of 76 START test relationships_stg_fitcore__subscriptions_plan_id__plan_id__ref_stg_fitcore__plans_  [RUN]
02:22:09  24 of 76 PASS dbt_expectations_expect_column_values_to_be_between_stg_fitcore__plans_list_price__0__True  [PASS in 0.09s]
02:22:09  28 of 76 START test unique_stg_fitcore__plans_plan_id .......................... [RUN]
02:22:09  25 of 76 PASS not_null_stg_fitcore__plans_list_price ........................... [PASS in 0.07s]
02:22:09  29 of 76 START sql view model staging.stg_fitcore__payments .................... [RUN]
02:22:09  28 of 76 PASS unique_stg_fitcore__plans_plan_id ................................ [PASS in 0.06s]
02:22:09  30 of 76 START sql view model staging.stg_fitcore__invoices .................... [RUN]
02:22:09  26 of 76 PASS not_null_stg_fitcore__plans_plan_id .............................. [PASS in 0.12s]
02:22:09  27 of 76 PASS relationships_stg_fitcore__subscriptions_plan_id__plan_id__ref_stg_fitcore__plans_  [PASS in 0.10s]
02:22:09  31 of 76 START sql table model intermediate.int_subscriptions_enriched ......... [RUN]
02:22:09  29 of 76 OK created sql view model staging.stg_fitcore__payments ............... [OK in 0.09s]
02:22:09  32 of 76 START test dbt_expectations_expect_column_values_to_be_between_stg_fitcore__payments_amount_paid__0__True  [RUN]
02:22:09  33 of 76 START test dbt_expectations_expect_column_values_to_be_in_set_stg_fitcore__payments_payment_method__pix__boleto__cartao  [RUN]
02:22:09  30 of 76 OK created sql view model staging.stg_fitcore__invoices ............... [OK in 0.11s]
02:22:09  34 of 76 START test not_null_stg_fitcore__payments_amount_paid ................. [RUN]
02:22:10  31 of 76 OK created sql table model intermediate.int_subscriptions_enriched .... [OK in 0.14s]
02:22:10  35 of 76 START test not_null_stg_fitcore__payments_invoice_id .................. [RUN]
02:22:10  32 of 76 PASS dbt_expectations_expect_column_values_to_be_between_stg_fitcore__payments_amount_paid__0__True  [PASS in 0.12s]
02:22:10  33 of 76 PASS dbt_expectations_expect_column_values_to_be_in_set_stg_fitcore__payments_payment_method__pix__boleto__cartao  [PASS in 0.11s]
02:22:10  36 of 76 START test not_null_stg_fitcore__payments_paid_at ..................... [RUN]
02:22:10  37 of 76 START test not_null_stg_fitcore__payments_payment_id .................. [RUN]
02:22:10  34 of 76 PASS not_null_stg_fitcore__payments_amount_paid ....................... [PASS in 0.09s]
02:22:10  38 of 76 START test unique_stg_fitcore__payments_payment_id .................... [RUN]
02:22:10  35 of 76 PASS not_null_stg_fitcore__payments_invoice_id ........................ [PASS in 0.08s]
02:22:10  39 of 76 START test accepted_values_stg_fitcore__invoices_currency__BRL ........ [RUN]
02:22:10  36 of 76 PASS not_null_stg_fitcore__payments_paid_at ........................... [PASS in 0.08s]
02:22:10  40 of 76 START test assert_payments_do_not_exceed_invoice ...................... [RUN]
02:22:10  37 of 76 PASS not_null_stg_fitcore__payments_payment_id ........................ [PASS in 0.10s]
02:22:10  41 of 76 START test dbt_expectations_expect_column_values_to_be_between_stg_fitcore__invoices_amount__9709__0__False  [RUN]
02:22:10  38 of 76 PASS unique_stg_fitcore__payments_payment_id .......................... [PASS in 0.10s]
02:22:10  42 of 76 START test dbt_expectations_expect_column_values_to_be_in_set_stg_fitcore__invoices_status__paid__open__overdue  [RUN]
02:22:10  39 of 76 PASS accepted_values_stg_fitcore__invoices_currency__BRL .............. [PASS in 0.10s]
02:22:10  43 of 76 START test dbt_expectations_expect_table_row_count_to_be_between_stg_fitcore__invoices_50000__5000  [RUN]
02:22:10  41 of 76 PASS dbt_expectations_expect_column_values_to_be_between_stg_fitcore__invoices_amount__9709__0__False  [PASS in 0.09s]
02:22:10  44 of 76 START test not_null_stg_fitcore__invoices_amount ...................... [RUN]
02:22:10  40 of 76 PASS assert_payments_do_not_exceed_invoice ............................ [PASS in 0.14s]
02:22:10  42 of 76 PASS dbt_expectations_expect_column_values_to_be_in_set_stg_fitcore__invoices_status__paid__open__overdue  [PASS in 0.11s]
02:22:10  46 of 76 START test not_null_stg_fitcore__invoices_issued_date ................. [RUN]
02:22:10  45 of 76 START test not_null_stg_fitcore__invoices_invoice_id .................. [RUN]
02:22:10  43 of 76 PASS dbt_expectations_expect_table_row_count_to_be_between_stg_fitcore__invoices_50000__5000  [PASS in 0.08s]
02:22:10  47 of 76 START test not_null_stg_fitcore__invoices_subscription_id ............. [RUN]
02:22:10  46 of 76 PASS not_null_stg_fitcore__invoices_issued_date ....................... [PASS in 0.07s]
02:22:10  48 of 76 START test relationships_stg_fitcore__invoices_subscription_id__subscription_id__ref_stg_fitcore__subscriptions_  [RUN]
02:22:10  47 of 76 PASS not_null_stg_fitcore__invoices_subscription_id ................... [PASS in 0.06s]
02:22:10  49 of 76 START test relationships_stg_fitcore__payments_invoice_id__invoice_id__ref_stg_fitcore__invoices_  [RUN]
02:22:10  44 of 76 PASS not_null_stg_fitcore__invoices_amount ............................ [PASS in 0.11s]
02:22:10  45 of 76 PASS not_null_stg_fitcore__invoices_invoice_id ........................ [PASS in 0.09s]
02:22:10  50 of 76 START test unique_stg_fitcore__invoices_invoice_id .................... [RUN]
02:22:10  51 of 76 START test dbt_expectations_expect_column_values_to_be_between_int_subscriptions_enriched_mrr_amount__0__True  [RUN]
02:22:10  48 of 76 PASS relationships_stg_fitcore__invoices_subscription_id__subscription_id__ref_stg_fitcore__subscriptions_  [PASS in 0.16s]
02:22:10  52 of 76 START test not_null_int_subscriptions_enriched_mrr_amount ............. [RUN]
02:22:10  50 of 76 PASS unique_stg_fitcore__invoices_invoice_id .......................... [PASS in 0.16s]
02:22:10  53 of 76 START test not_null_int_subscriptions_enriched_subscription_id ........ [RUN]
02:22:10  49 of 76 PASS relationships_stg_fitcore__payments_invoice_id__invoice_id__ref_stg_fitcore__invoices_  [PASS in 0.17s]
02:22:10  54 of 76 START test unique_int_subscriptions_enriched_subscription_id .......... [RUN]
02:22:10  51 of 76 PASS dbt_expectations_expect_column_values_to_be_between_int_subscriptions_enriched_mrr_amount__0__True  [PASS in 0.17s]
02:22:10  55 of 76 START sql table model intermediate.int_month_spine .................... [RUN]
02:22:10  52 of 76 PASS not_null_int_subscriptions_enriched_mrr_amount ................... [PASS in 0.09s]
02:22:10  54 of 76 PASS unique_int_subscriptions_enriched_subscription_id ................ [PASS in 0.08s]
02:22:10  53 of 76 PASS not_null_int_subscriptions_enriched_subscription_id .............. [PASS in 0.09s]
02:22:10  56 of 76 START sql table model marts.dim_customers ............................. [RUN]
02:22:10  57 of 76 START sql table model marts.fct_invoices .............................. [RUN]
02:22:10  55 of 76 OK created sql table model intermediate.int_month_spine ............... [OK in 0.08s]
02:22:10  58 of 76 START test not_null_int_month_spine_month_start ....................... [RUN]
02:22:10  59 of 76 START test unique_int_month_spine_month_start ......................... [RUN]
02:22:10  56 of 76 OK created sql table model marts.dim_customers ........................ [OK in 0.13s]
02:22:10  60 of 76 START test not_null_dim_customers_customer_id ......................... [RUN]
02:22:10  59 of 76 PASS unique_int_month_spine_month_start ............................... [PASS in 0.11s]
02:22:10  61 of 76 START test unique_dim_customers_customer_id ........................... [RUN]
02:22:10  58 of 76 PASS not_null_int_month_spine_month_start ............................. [PASS in 0.13s]
02:22:10  62 of 76 START sql table model intermediate.int_mrr_by_customer_month .......... [RUN]
02:22:10  60 of 76 PASS not_null_dim_customers_customer_id ............................... [PASS in 0.10s]
02:22:10  61 of 76 PASS unique_dim_customers_customer_id ................................. [PASS in 0.10s]
02:22:10  57 of 76 OK created sql table model marts.fct_invoices ......................... [OK in 0.30s]
02:22:10  63 of 76 START test dbt_expectations_expect_column_mean_to_be_between_fct_invoices_net_to_list_ratio__1_0__0_9  [RUN]
02:22:10  64 of 76 START test dbt_expectations_expect_column_values_to_be_within_n_moving_stdevs_fct_invoices_amount__issued_date__billing_period__1__month__3__True__6__6  [RUN]
02:22:11  65 of 76 START test unique_fct_invoices_invoice_id ............................. [RUN]
02:22:11  63 of 76 PASS dbt_expectations_expect_column_mean_to_be_between_fct_invoices_net_to_list_ratio__1_0__0_9  [PASS in 0.15s]
02:22:11  65 of 76 PASS unique_fct_invoices_invoice_id ................................... [PASS in 0.13s]
02:22:11  62 of 76 OK created sql table model intermediate.int_mrr_by_customer_month ..... [OK in 0.27s]
02:22:11  66 of 76 START test accepted_values_int_mrr_by_customer_month_movement_type__new__reactivation__expansion__contraction__churn__retained__inactive  [RUN]
02:22:11  67 of 76 START test dbt_expectations_expect_compound_columns_to_be_unique_int_mrr_by_customer_month_customer_id__month_start  [RUN]
02:22:11  64 of 76 PASS dbt_expectations_expect_column_values_to_be_within_n_moving_stdevs_fct_invoices_amount__issued_date__billing_period__1__month__3__True__6__6  [PASS in 0.22s]
02:22:11  66 of 76 PASS accepted_values_int_mrr_by_customer_month_movement_type__new__reactivation__expansion__contraction__churn__retained__inactive  [PASS in 0.09s]
02:22:11  67 of 76 PASS dbt_expectations_expect_compound_columns_to_be_unique_int_mrr_by_customer_month_customer_id__month_start  [PASS in 0.09s]
02:22:11  68 of 76 START sql table model marts.fct_mrr_movements ......................... [RUN]
02:22:11  69 of 76 START sql table model intermediate.int_mrr_bridge_monthly ............. [RUN]
02:22:11  68 of 76 OK created sql table model marts.fct_mrr_movements .................... [OK in 0.06s]
02:22:11  70 of 76 START test accepted_values_fct_mrr_movements_movement_type__new__reactivation__expansion__contraction__churn  [RUN]
02:22:11  69 of 76 OK created sql table model intermediate.int_mrr_bridge_monthly ........ [OK in 0.07s]
02:22:11  71 of 76 START test assert_mrr_bridge_reconciles ............................... [RUN]
02:22:11  72 of 76 START test not_null_int_mrr_bridge_monthly_month_start ................ [RUN]
02:22:11  73 of 76 START test unique_int_mrr_bridge_monthly_month_start .................. [RUN]
02:22:11  70 of 76 PASS accepted_values_fct_mrr_movements_movement_type__new__reactivation__expansion__contraction__churn  [PASS in 0.08s]
02:22:11  71 of 76 PASS assert_mrr_bridge_reconciles ..................................... [PASS in 0.07s]
02:22:11  72 of 76 PASS not_null_int_mrr_bridge_monthly_month_start ...................... [PASS in 0.07s]
02:22:11  73 of 76 PASS unique_int_mrr_bridge_monthly_month_start ........................ [PASS in 0.07s]
02:22:11  74 of 76 START sql table model marts.fct_mrr_monthly ........................... [RUN]
02:22:11  74 of 76 OK created sql table model marts.fct_mrr_monthly ...................... [OK in 0.04s]
02:22:11  75 of 76 START test dbt_expectations_expect_column_values_to_be_between_fct_mrr_monthly_churned_mrr__0  [RUN]
02:22:11  76 of 76 START test unique_fct_mrr_monthly_month_start ......................... [RUN]
02:22:11  75 of 76 PASS dbt_expectations_expect_column_values_to_be_between_fct_mrr_monthly_churned_mrr__0  [PASS in 0.04s]
02:22:11  76 of 76 PASS unique_fct_mrr_monthly_month_start ............................... [PASS in 0.05s]
02:22:11  
02:22:11  Finished running 1 seed, 8 table models, 62 data tests, 5 view models in 0 hours 0 minutes and 2.82 seconds (2.82s).
02:22:11  
02:22:11  Completed successfully
02:22:11  
02:22:11  Done. PASS=76 WARN=0 ERROR=0 SKIP=0 NO-OP=0 REUSED=0 TOTAL=76
--- Visão do consumidor (linha de base) ---
marts.fct_mrr_monthly    linhas=    45  soma(closing_mrr)=  4,143,468.10  hash=64336767892a
marts.fct_invoices       linhas= 9,645  soma(amount)=  4,523,416.20  hash=d30f0a82d673
