
=== 03 | CIRCUIT BREAKER — QUEBRA DE SCHEMA NA ORIGEM ===
O sistema de pagamentos passa a enviar amount_paid como texto ('R$ 189,05').
O teste na fonte falha e todo o ramo de pagamentos é bloqueado. O ramo de MRR, que não depende de pagamentos, segue normalmente.

--- Visão do consumidor (antes) ---
marts.fct_mrr_monthly    linhas=    45  soma(closing_mrr)=  4,143,468.10  hash=64336767892a
marts.fct_invoices       linhas= 9,645  soma(amount)=  4,523,416.20  hash=8ff5f7a5f89e
[schema] payments.amount_paid convertido para texto. Ex.: 'R$ 189,05'
03:06:41  Running with dbt=1.12.5
03:06:42  Registered adapter: duckdb=1.11.0
03:06:42  Found 13 models, 62 data tests, 1 seed, 4 sources, 822 macros
03:06:42  
03:06:42  Concurrency: 4 threads (target='dev')
03:06:42  
03:06:43  1 of 76 START sql view model staging.stg_fitcore__customers .................... [RUN]
03:06:43  2 of 76 START sql view model staging.stg_fitcore__subscriptions ................ [RUN]
03:06:43  3 of 76 START seed file raw.plans .............................................. [RUN]
03:06:43  4 of 76 START test dbt_expectations_source_expect_column_values_to_be_in_type_list_fitcore_raw_payments_amount_paid__DOUBLE__DECIMAL_14__2_  [RUN]
03:06:43  3 of 76 OK loaded seed file raw.plans .......................................... [INSERT 6 in 0.29s]
03:06:43  2 of 76 OK created sql view model staging.stg_fitcore__subscriptions ........... [OK in 0.30s]
03:06:43  5 of 76 START test dbt_expectations_source_expect_table_columns_to_match_ordered_list_fitcore_raw_invoices_invoice_id__subscription_id__customer_id__issued_date__period_start__period_end__amount__currency__status  [RUN]
03:06:43  1 of 76 OK created sql view model staging.stg_fitcore__customers ............... [OK in 0.31s]
03:06:43  6 of 76 START test dbt_expectations_source_expect_table_columns_to_match_ordered_list_fitcore_raw_payments_payment_id__invoice_id__paid_at__amount_paid__payment_method  [RUN]
03:06:43  7 of 76 START sql view model staging.stg_fitcore__plans ........................ [RUN]
03:06:43  4 of 76 FAIL 1 dbt_expectations_source_expect_column_values_to_be_in_type_list_fitcore_raw_payments_amount_paid__DOUBLE__DECIMAL_14__2_  [FAIL 1 in 0.41s]
03:06:43  8 of 76 START test dbt_expectations_expect_column_pair_values_A_to_be_greater_than_B_stg_fitcore__subscriptions_end_date__start_date__end_date_is_not_null  [RUN]
03:06:43  7 of 76 OK created sql view model staging.stg_fitcore__plans ................... [OK in 0.17s]
03:06:43  6 of 76 PASS dbt_expectations_source_expect_table_columns_to_match_ordered_list_fitcore_raw_payments_payment_id__invoice_id__paid_at__amount_paid__payment_method  [PASS in 0.23s]
03:06:43  9 of 76 START test dbt_expectations_expect_column_values_to_be_between_stg_fitcore__subscriptions_discount_pct__0_3__0  [RUN]
03:06:43  5 of 76 PASS dbt_expectations_source_expect_table_columns_to_match_ordered_list_fitcore_raw_invoices_invoice_id__subscription_id__customer_id__issued_date__period_start__period_end__amount__currency__status  [PASS in 0.26s]
03:06:43  10 of 76 START test dbt_expectations_expect_column_values_to_be_in_set_stg_fitcore__subscriptions_status__active__canceled__replaced  [RUN]
03:06:43  11 of 76 START test not_null_stg_fitcore__subscriptions_customer_id ............ [RUN]
03:06:43  8 of 76 PASS dbt_expectations_expect_column_pair_values_A_to_be_greater_than_B_stg_fitcore__subscriptions_end_date__start_date__end_date_is_not_null  [PASS in 0.20s]
03:06:43  12 of 76 START test not_null_stg_fitcore__subscriptions_discount_pct ........... [RUN]
03:06:43  11 of 76 PASS not_null_stg_fitcore__subscriptions_customer_id .................. [PASS in 0.13s]
03:06:43  9 of 76 PASS dbt_expectations_expect_column_values_to_be_between_stg_fitcore__subscriptions_discount_pct__0_3__0  [PASS in 0.16s]
03:06:43  13 of 76 START test not_null_stg_fitcore__subscriptions_plan_id ................ [RUN]
03:06:43  14 of 76 START test not_null_stg_fitcore__subscriptions_start_date ............. [RUN]
03:06:43  12 of 76 PASS not_null_stg_fitcore__subscriptions_discount_pct ................. [PASS in 0.10s]
03:06:43  10 of 76 PASS dbt_expectations_expect_column_values_to_be_in_set_stg_fitcore__subscriptions_status__active__canceled__replaced  [PASS in 0.16s]
03:06:43  15 of 76 START test not_null_stg_fitcore__subscriptions_subscription_id ........ [RUN]
03:06:43  16 of 76 START test unique_stg_fitcore__subscriptions_subscription_id .......... [RUN]
03:06:43  14 of 76 PASS not_null_stg_fitcore__subscriptions_start_date ................... [PASS in 0.11s]
03:06:43  17 of 76 START test dbt_expectations_expect_column_values_to_match_regex_stg_fitcore__customers_cnpj___d_2_d_3_d_3_d_4_d_2_  [RUN]
03:06:43  15 of 76 PASS not_null_stg_fitcore__subscriptions_subscription_id .............. [PASS in 0.13s]
03:06:43  13 of 76 PASS not_null_stg_fitcore__subscriptions_plan_id ...................... [PASS in 0.16s]
03:06:43  18 of 76 START test not_null_stg_fitcore__customers_cnpj ....................... [RUN]
03:06:43  19 of 76 START test not_null_stg_fitcore__customers_created_at ................. [RUN]
03:06:43  16 of 76 PASS unique_stg_fitcore__subscriptions_subscription_id ................ [PASS in 0.15s]
03:06:43  20 of 76 START test not_null_stg_fitcore__customers_customer_id ................ [RUN]
03:06:44  19 of 76 PASS not_null_stg_fitcore__customers_created_at ....................... [PASS in 0.11s]
03:06:44  17 of 76 PASS dbt_expectations_expect_column_values_to_match_regex_stg_fitcore__customers_cnpj___d_2_d_3_d_3_d_4_d_2_  [PASS in 0.15s]
03:06:44  20 of 76 PASS not_null_stg_fitcore__customers_customer_id ...................... [PASS in 0.08s]
03:06:44  21 of 76 START test relationships_stg_fitcore__subscriptions_customer_id__customer_id__ref_stg_fitcore__customers_  [RUN]
03:06:44  22 of 76 START test unique_stg_fitcore__customers_customer_id .................. [RUN]
03:06:44  23 of 76 START test accepted_values_stg_fitcore__plans_billing_period__monthly__annual  [RUN]
03:06:44  18 of 76 PASS not_null_stg_fitcore__customers_cnpj ............................. [PASS in 0.15s]
03:06:44  24 of 76 START test dbt_expectations_expect_column_values_to_be_between_stg_fitcore__plans_list_price__0__True  [RUN]
03:06:44  21 of 76 PASS relationships_stg_fitcore__subscriptions_customer_id__customer_id__ref_stg_fitcore__customers_  [PASS in 0.15s]
03:06:44  25 of 76 START test not_null_stg_fitcore__plans_list_price ..................... [RUN]
03:06:44  22 of 76 PASS unique_stg_fitcore__customers_customer_id ........................ [PASS in 0.17s]
03:06:44  23 of 76 PASS accepted_values_stg_fitcore__plans_billing_period__monthly__annual  [PASS in 0.16s]
03:06:44  24 of 76 PASS dbt_expectations_expect_column_values_to_be_between_stg_fitcore__plans_list_price__0__True  [PASS in 0.13s]
03:06:44  26 of 76 START test not_null_stg_fitcore__plans_plan_id ........................ [RUN]
03:06:44  27 of 76 START test relationships_stg_fitcore__subscriptions_plan_id__plan_id__ref_stg_fitcore__plans_  [RUN]
03:06:44  28 of 76 START test unique_stg_fitcore__plans_plan_id .......................... [RUN]
03:06:44  25 of 76 PASS not_null_stg_fitcore__plans_list_price ........................... [PASS in 0.12s]
03:06:44  29 of 76 SKIP relation staging.stg_fitcore__payments ........................... [SKIP]
03:06:44  30 of 76 START sql view model staging.stg_fitcore__invoices .................... [RUN]
03:06:44  26 of 76 PASS not_null_stg_fitcore__plans_plan_id .............................. [PASS in 0.13s]
03:06:44  28 of 76 PASS unique_stg_fitcore__plans_plan_id ................................ [PASS in 0.12s]
03:06:44  31 of 76 SKIP test dbt_expectations_expect_column_values_to_be_between_stg_fitcore__payments_amount_paid__0__True  [SKIP]
03:06:44  32 of 76 SKIP test dbt_expectations_expect_column_values_to_be_in_set_stg_fitcore__payments_payment_method__pix__boleto__cartao  [SKIP]
03:06:44  33 of 76 SKIP test not_null_stg_fitcore__payments_amount_paid .................. [SKIP]
03:06:44  27 of 76 PASS relationships_stg_fitcore__subscriptions_plan_id__plan_id__ref_stg_fitcore__plans_  [PASS in 0.14s]
03:06:44  34 of 76 SKIP test not_null_stg_fitcore__payments_invoice_id ................... [SKIP]
03:06:44  35 of 76 SKIP test not_null_stg_fitcore__payments_paid_at ...................... [SKIP]
03:06:44  36 of 76 SKIP test not_null_stg_fitcore__payments_payment_id ................... [SKIP]
03:06:44  37 of 76 SKIP test unique_stg_fitcore__payments_payment_id ..................... [SKIP]
03:06:44  38 of 76 START sql table model intermediate.int_subscriptions_enriched ......... [RUN]
03:06:44  30 of 76 OK created sql view model staging.stg_fitcore__invoices ............... [OK in 0.14s]
03:06:44  39 of 76 START test accepted_values_stg_fitcore__invoices_currency__BRL ........ [RUN]
03:06:44  40 of 76 SKIP test assert_payments_do_not_exceed_invoice ....................... [SKIP]
03:06:44  41 of 76 START test dbt_expectations_expect_column_values_to_be_between_stg_fitcore__invoices_amount__9709__0__False  [RUN]
03:06:44  42 of 76 START test dbt_expectations_expect_column_values_to_be_in_set_stg_fitcore__invoices_status__paid__open__overdue  [RUN]
03:06:44  38 of 76 OK created sql table model intermediate.int_subscriptions_enriched .... [OK in 0.21s]
03:06:44  43 of 76 START test dbt_expectations_expect_table_row_count_to_be_between_stg_fitcore__invoices_50000__5000  [RUN]
03:06:44  41 of 76 PASS dbt_expectations_expect_column_values_to_be_between_stg_fitcore__invoices_amount__9709__0__False  [PASS in 0.17s]
03:06:44  39 of 76 PASS accepted_values_stg_fitcore__invoices_currency__BRL .............. [PASS in 0.17s]
03:06:44  44 of 76 START test not_null_stg_fitcore__invoices_amount ...................... [RUN]
03:06:44  45 of 76 START test not_null_stg_fitcore__invoices_invoice_id .................. [RUN]
03:06:44  42 of 76 PASS dbt_expectations_expect_column_values_to_be_in_set_stg_fitcore__invoices_status__paid__open__overdue  [PASS in 0.14s]
03:06:44  46 of 76 START test not_null_stg_fitcore__invoices_issued_date ................. [RUN]
03:06:44  43 of 76 PASS dbt_expectations_expect_table_row_count_to_be_between_stg_fitcore__invoices_50000__5000  [PASS in 0.13s]
03:06:44  47 of 76 START test not_null_stg_fitcore__invoices_subscription_id ............. [RUN]
03:06:44  46 of 76 PASS not_null_stg_fitcore__invoices_issued_date ....................... [PASS in 0.10s]
03:06:44  45 of 76 PASS not_null_stg_fitcore__invoices_invoice_id ........................ [PASS in 0.13s]
03:06:44  48 of 76 START test relationships_stg_fitcore__invoices_subscription_id__subscription_id__ref_stg_fitcore__subscriptions_  [RUN]
03:06:44  44 of 76 PASS not_null_stg_fitcore__invoices_amount ............................ [PASS in 0.16s]
03:06:44  49 of 76 SKIP test relationships_stg_fitcore__payments_invoice_id__invoice_id__ref_stg_fitcore__invoices_  [SKIP]
03:06:44  50 of 76 START test unique_stg_fitcore__invoices_invoice_id .................... [RUN]
03:06:44  51 of 76 START test dbt_expectations_expect_column_values_to_be_between_int_subscriptions_enriched_mrr_amount__0__True  [RUN]
03:06:44  47 of 76 PASS not_null_stg_fitcore__invoices_subscription_id ................... [PASS in 0.11s]
03:06:44  52 of 76 START test not_null_int_subscriptions_enriched_mrr_amount ............. [RUN]
03:06:44  48 of 76 PASS relationships_stg_fitcore__invoices_subscription_id__subscription_id__ref_stg_fitcore__subscriptions_  [PASS in 0.15s]
03:06:44  51 of 76 PASS dbt_expectations_expect_column_values_to_be_between_int_subscriptions_enriched_mrr_amount__0__True  [PASS in 0.11s]
03:06:44  53 of 76 START test not_null_int_subscriptions_enriched_subscription_id ........ [RUN]
03:06:44  54 of 76 START test unique_int_subscriptions_enriched_subscription_id .......... [RUN]
03:06:45  50 of 76 PASS unique_stg_fitcore__invoices_invoice_id .......................... [PASS in 0.13s]
03:06:45  52 of 76 PASS not_null_int_subscriptions_enriched_mrr_amount ................... [PASS in 0.10s]
03:06:45  55 of 76 START sql table model intermediate.int_month_spine .................... [RUN]
03:06:45  53 of 76 PASS not_null_int_subscriptions_enriched_subscription_id .............. [PASS in 0.10s]
03:06:45  54 of 76 PASS unique_int_subscriptions_enriched_subscription_id ................ [PASS in 0.10s]
03:06:45  55 of 76 OK created sql table model intermediate.int_month_spine ............... [OK in 0.07s]
03:06:45  57 of 76 SKIP relation marts.fct_invoices ...................................... [SKIP]
03:06:45  56 of 76 START sql table model marts.dim_customers ............................. [RUN]
03:06:45  58 of 76 START test not_null_int_month_spine_month_start ....................... [RUN]
03:06:45  59 of 76 START test unique_int_month_spine_month_start ......................... [RUN]
03:06:45  60 of 76 SKIP test dbt_expectations_expect_column_mean_to_be_between_fct_invoices_net_to_list_ratio__1_0__0_9  [SKIP]
03:06:45  61 of 76 SKIP test dbt_expectations_expect_column_values_to_be_within_n_moving_stdevs_fct_invoices_amount__issued_date__billing_period__1__month__3__True__6__6  [SKIP]
03:06:45  62 of 76 SKIP test unique_fct_invoices_invoice_id .............................. [SKIP]
03:06:45  59 of 76 PASS unique_int_month_spine_month_start ............................... [PASS in 0.13s]
03:06:45  58 of 76 PASS not_null_int_month_spine_month_start ............................. [PASS in 0.14s]
03:06:45  63 of 76 START sql table model intermediate.int_mrr_by_customer_month .......... [RUN]
03:06:45  56 of 76 OK created sql table model marts.dim_customers ........................ [OK in 0.16s]
03:06:45  64 of 76 START test not_null_dim_customers_customer_id ......................... [RUN]
03:06:45  65 of 76 START test unique_dim_customers_customer_id ........................... [RUN]
03:06:45  64 of 76 PASS not_null_dim_customers_customer_id ............................... [PASS in 0.08s]
03:06:45  65 of 76 PASS unique_dim_customers_customer_id ................................. [PASS in 0.08s]
03:06:45  63 of 76 OK created sql table model intermediate.int_mrr_by_customer_month ..... [OK in 0.18s]
03:06:45  66 of 76 START test accepted_values_int_mrr_by_customer_month_movement_type__new__reactivation__expansion__contraction__churn__retained__inactive  [RUN]
03:06:45  67 of 76 START test dbt_expectations_expect_compound_columns_to_be_unique_int_mrr_by_customer_month_customer_id__month_start  [RUN]
03:06:45  66 of 76 PASS accepted_values_int_mrr_by_customer_month_movement_type__new__reactivation__expansion__contraction__churn__retained__inactive  [PASS in 0.10s]
03:06:45  67 of 76 PASS dbt_expectations_expect_compound_columns_to_be_unique_int_mrr_by_customer_month_customer_id__month_start  [PASS in 0.10s]
03:06:45  68 of 76 START sql table model marts.fct_mrr_movements ......................... [RUN]
03:06:45  69 of 76 START sql table model intermediate.int_mrr_bridge_monthly ............. [RUN]
03:06:45  68 of 76 OK created sql table model marts.fct_mrr_movements .................... [OK in 0.12s]
03:06:45  69 of 76 OK created sql table model intermediate.int_mrr_bridge_monthly ........ [OK in 0.13s]
03:06:45  70 of 76 START test accepted_values_fct_mrr_movements_movement_type__new__reactivation__expansion__contraction__churn  [RUN]
03:06:45  71 of 76 START test assert_mrr_bridge_reconciles ............................... [RUN]
03:06:45  72 of 76 START test not_null_int_mrr_bridge_monthly_month_start ................ [RUN]
03:06:45  73 of 76 START test unique_int_mrr_bridge_monthly_month_start .................. [RUN]
03:06:45  70 of 76 PASS accepted_values_fct_mrr_movements_movement_type__new__reactivation__expansion__contraction__churn  [PASS in 0.11s]
03:06:45  73 of 76 PASS unique_int_mrr_bridge_monthly_month_start ........................ [PASS in 0.11s]
03:06:45  71 of 76 PASS assert_mrr_bridge_reconciles ..................................... [PASS in 0.10s]
03:06:45  72 of 76 PASS not_null_int_mrr_bridge_monthly_month_start ...................... [PASS in 0.11s]
03:06:45  74 of 76 START sql table model marts.fct_mrr_monthly ........................... [RUN]
03:06:45  74 of 76 OK created sql table model marts.fct_mrr_monthly ...................... [OK in 0.16s]
03:06:45  75 of 76 START test dbt_expectations_expect_column_values_to_be_between_fct_mrr_monthly_churned_mrr__0  [RUN]
03:06:45  76 of 76 START test unique_fct_mrr_monthly_month_start ......................... [RUN]
03:06:46  75 of 76 PASS dbt_expectations_expect_column_values_to_be_between_fct_mrr_monthly_churned_mrr__0  [PASS in 0.06s]
03:06:46  76 of 76 PASS unique_fct_mrr_monthly_month_start ............................... [PASS in 0.05s]
03:06:46  
03:06:46  Finished running 1 seed, 8 table models, 62 data tests, 5 view models in 0 hours 0 minutes and 3.30 seconds (3.30s).
03:06:46  
03:06:46  Completed with 1 error, 0 partial successes, and 0 warnings:
03:06:46  
03:06:46  [ERROR]: in test dbt_expectations_source_expect_column_values_to_be_in_type_list_fitcore_raw_payments_amount_paid__DOUBLE__DECIMAL_14__2_ (models/staging/_sources.yml)
03:06:46    Got 1 result, configured to fail if != 0
03:06:46  
03:06:46    compiled code at target/compiled/fitcore_mrr/models/staging/_sources.yml/dbt_expectations_source_expect_bcf4f7d725d7b74df9e216f4e690a911.sql
03:06:46  
03:06:46    See test failures:
  -------------------------------------------------------------------------------------------------
  select * from "fitcore"."audit"."dbt_expectations_source_expect_bcf4f7d725d7b74df9e216f4e690a911"
  -------------------------------------------------------------------------------------------------
03:06:46  
03:06:46  Done. PASS=61 WARN=0 ERROR=1 SKIP=14 NO-OP=0 REUSED=0 TOTAL=76
--- Visão do consumidor (depois (fct_invoices deve estar idêntico)) ---
marts.fct_mrr_monthly    linhas=    45  soma(closing_mrr)=  4,143,468.10  hash=64336767892a
marts.fct_invoices       linhas= 9,645  soma(amount)=  4,523,416.20  hash=8ff5f7a5f89e
Fontes raw restauradas para a versão íntegra.
