
=== 05 | SOFT GATE — ANOMALIA ESTATÍSTICA ===
Faturas mensais do último mês fechado com valor dobrado. Nenhuma regra linha a linha é violada.
O teste de desvios-padrão móveis (severity: warn) alerta, mas o pipeline segue: pico pode ser legítimo e pede análise humana.

[anomaly] 457 faturas mensais de 09/2026 com valor dobrado (cada uma ainda dentro da faixa válida).
03:06:58  Running with dbt=1.12.5
03:06:58  Registered adapter: duckdb=1.11.0
03:06:59  Found 13 models, 62 data tests, 1 seed, 4 sources, 822 macros
03:06:59  
03:06:59  Concurrency: 4 threads (target='dev')
03:06:59  
03:06:59  1 of 76 START sql view model staging.stg_fitcore__customers .................... [RUN]
03:06:59  2 of 76 START sql view model staging.stg_fitcore__subscriptions ................ [RUN]
03:06:59  3 of 76 START seed file raw.plans .............................................. [RUN]
03:06:59  4 of 76 START test dbt_expectations_source_expect_column_values_to_be_in_type_list_fitcore_raw_payments_amount_paid__DOUBLE__DECIMAL_14__2_  [RUN]
03:06:59  1 of 76 OK created sql view model staging.stg_fitcore__customers ............... [OK in 0.33s]
03:06:59  3 of 76 OK loaded seed file raw.plans .......................................... [INSERT 6 in 0.31s]
03:06:59  2 of 76 OK created sql view model staging.stg_fitcore__subscriptions ........... [OK in 0.32s]
03:07:00  5 of 76 START test dbt_expectations_source_expect_table_columns_to_match_ordered_list_fitcore_raw_invoices_invoice_id__subscription_id__customer_id__issued_date__period_start__period_end__amount__currency__status  [RUN]
03:07:00  6 of 76 START test dbt_expectations_source_expect_table_columns_to_match_ordered_list_fitcore_raw_payments_payment_id__invoice_id__paid_at__amount_paid__payment_method  [RUN]
03:07:00  4 of 76 PASS dbt_expectations_source_expect_column_values_to_be_in_type_list_fitcore_raw_payments_amount_paid__DOUBLE__DECIMAL_14__2_  [PASS in 0.34s]
03:07:00  7 of 76 START test dbt_expectations_expect_column_pair_values_A_to_be_greater_than_B_stg_fitcore__subscriptions_end_date__start_date__end_date_is_not_null  [RUN]
03:07:00  8 of 76 START test dbt_expectations_expect_column_values_to_be_between_stg_fitcore__subscriptions_discount_pct__0_3__0  [RUN]
03:07:00  6 of 76 PASS dbt_expectations_source_expect_table_columns_to_match_ordered_list_fitcore_raw_payments_payment_id__invoice_id__paid_at__amount_paid__payment_method  [PASS in 0.24s]
03:07:00  9 of 76 START test dbt_expectations_expect_column_values_to_be_in_set_stg_fitcore__subscriptions_status__active__canceled__replaced  [RUN]
03:07:00  5 of 76 PASS dbt_expectations_source_expect_table_columns_to_match_ordered_list_fitcore_raw_invoices_invoice_id__subscription_id__customer_id__issued_date__period_start__period_end__amount__currency__status  [PASS in 0.27s]
03:07:00  7 of 76 PASS dbt_expectations_expect_column_pair_values_A_to_be_greater_than_B_stg_fitcore__subscriptions_end_date__start_date__end_date_is_not_null  [PASS in 0.28s]
03:07:00  8 of 76 PASS dbt_expectations_expect_column_values_to_be_between_stg_fitcore__subscriptions_discount_pct__0_3__0  [PASS in 0.25s]
03:07:00  10 of 76 START test dbt_expectations_expect_column_values_to_match_regex_stg_fitcore__customers_cnpj___d_2_d_3_d_3_d_4_d_2_  [RUN]
03:07:00  11 of 76 START test not_null_stg_fitcore__customers_cnpj ....................... [RUN]
03:07:00  12 of 76 START test not_null_stg_fitcore__customers_created_at ................. [RUN]
03:07:00  9 of 76 PASS dbt_expectations_expect_column_values_to_be_in_set_stg_fitcore__subscriptions_status__active__canceled__replaced  [PASS in 0.15s]
03:07:00  13 of 76 START test not_null_stg_fitcore__customers_customer_id ................ [RUN]
03:07:00  10 of 76 PASS dbt_expectations_expect_column_values_to_match_regex_stg_fitcore__customers_cnpj___d_2_d_3_d_3_d_4_d_2_  [PASS in 0.13s]
03:07:00  11 of 76 PASS not_null_stg_fitcore__customers_cnpj ............................. [PASS in 0.11s]
03:07:00  14 of 76 START test not_null_stg_fitcore__subscriptions_customer_id ............ [RUN]
03:07:00  15 of 76 START test not_null_stg_fitcore__subscriptions_discount_pct ........... [RUN]
03:07:00  12 of 76 PASS not_null_stg_fitcore__customers_created_at ....................... [PASS in 0.14s]
03:07:00  16 of 76 START test not_null_stg_fitcore__subscriptions_plan_id ................ [RUN]
03:07:00  16 of 76 PASS not_null_stg_fitcore__subscriptions_plan_id ...................... [PASS in 0.08s]
03:07:00  15 of 76 PASS not_null_stg_fitcore__subscriptions_discount_pct ................. [PASS in 0.12s]
03:07:00  17 of 76 START test not_null_stg_fitcore__subscriptions_start_date ............. [RUN]
03:07:00  14 of 76 PASS not_null_stg_fitcore__subscriptions_customer_id .................. [PASS in 0.13s]
03:07:00  13 of 76 PASS not_null_stg_fitcore__customers_customer_id ...................... [PASS in 0.15s]
03:07:00  18 of 76 START test not_null_stg_fitcore__subscriptions_subscription_id ........ [RUN]
03:07:00  19 of 76 START test relationships_stg_fitcore__subscriptions_customer_id__customer_id__ref_stg_fitcore__customers_  [RUN]
03:07:00  20 of 76 START test unique_stg_fitcore__customers_customer_id .................. [RUN]
03:07:00  20 of 76 PASS unique_stg_fitcore__customers_customer_id ........................ [PASS in 0.11s]
03:07:00  18 of 76 PASS not_null_stg_fitcore__subscriptions_subscription_id .............. [PASS in 0.13s]
03:07:00  19 of 76 PASS relationships_stg_fitcore__subscriptions_customer_id__customer_id__ref_stg_fitcore__customers_  [PASS in 0.12s]
03:07:00  23 of 76 START sql view model staging.stg_fitcore__payments .................... [RUN]
03:07:00  22 of 76 START sql view model staging.stg_fitcore__plans ....................... [RUN]
03:07:00  21 of 76 START test unique_stg_fitcore__subscriptions_subscription_id .......... [RUN]
03:07:00  17 of 76 PASS not_null_stg_fitcore__subscriptions_start_date ................... [PASS in 0.16s]
03:07:00  24 of 76 START sql view model staging.stg_fitcore__invoices .................... [RUN]
03:07:00  23 of 76 OK created sql view model staging.stg_fitcore__payments ............... [OK in 0.11s]
03:07:00  22 of 76 OK created sql view model staging.stg_fitcore__plans .................. [OK in 0.12s]
03:07:00  25 of 76 START test dbt_expectations_expect_column_values_to_be_between_stg_fitcore__payments_amount_paid__0__True  [RUN]
03:07:00  26 of 76 START test dbt_expectations_expect_column_values_to_be_in_set_stg_fitcore__payments_payment_method__pix__boleto__cartao  [RUN]
03:07:00  21 of 76 PASS unique_stg_fitcore__subscriptions_subscription_id ................ [PASS in 0.12s]
03:07:00  24 of 76 OK created sql view model staging.stg_fitcore__invoices ............... [OK in 0.10s]
03:07:00  27 of 76 START test not_null_stg_fitcore__payments_amount_paid ................. [RUN]
03:07:00  28 of 76 START test not_null_stg_fitcore__payments_invoice_id .................. [RUN]
03:07:01  25 of 76 PASS dbt_expectations_expect_column_values_to_be_between_stg_fitcore__payments_amount_paid__0__True  [PASS in 0.15s]
03:07:01  26 of 76 PASS dbt_expectations_expect_column_values_to_be_in_set_stg_fitcore__payments_payment_method__pix__boleto__cartao  [PASS in 0.15s]
03:07:01  29 of 76 START test not_null_stg_fitcore__payments_paid_at ..................... [RUN]
03:07:01  30 of 76 START test not_null_stg_fitcore__payments_payment_id .................. [RUN]
03:07:01  28 of 76 PASS not_null_stg_fitcore__payments_invoice_id ........................ [PASS in 0.11s]
03:07:01  31 of 76 START test unique_stg_fitcore__payments_payment_id .................... [RUN]
03:07:01  27 of 76 PASS not_null_stg_fitcore__payments_amount_paid ....................... [PASS in 0.15s]
03:07:01  32 of 76 START test accepted_values_stg_fitcore__plans_billing_period__monthly__annual  [RUN]
03:07:01  30 of 76 PASS not_null_stg_fitcore__payments_payment_id ........................ [PASS in 0.21s]
03:07:01  29 of 76 PASS not_null_stg_fitcore__payments_paid_at ........................... [PASS in 0.21s]
03:07:01  33 of 76 START test dbt_expectations_expect_column_values_to_be_between_stg_fitcore__plans_list_price__0__True  [RUN]
03:07:01  34 of 76 START test not_null_stg_fitcore__plans_list_price ..................... [RUN]
03:07:01  31 of 76 PASS unique_stg_fitcore__payments_payment_id .......................... [PASS in 0.20s]
03:07:01  35 of 76 START test not_null_stg_fitcore__plans_plan_id ........................ [RUN]
03:07:01  32 of 76 PASS accepted_values_stg_fitcore__plans_billing_period__monthly__annual  [PASS in 0.21s]
03:07:01  36 of 76 START test relationships_stg_fitcore__subscriptions_plan_id__plan_id__ref_stg_fitcore__plans_  [RUN]
03:07:01  34 of 76 PASS not_null_stg_fitcore__plans_list_price ........................... [PASS in 0.13s]
03:07:01  37 of 76 START test unique_stg_fitcore__plans_plan_id .......................... [RUN]
03:07:01  33 of 76 PASS dbt_expectations_expect_column_values_to_be_between_stg_fitcore__plans_list_price__0__True  [PASS in 0.15s]
03:07:01  38 of 76 START test accepted_values_stg_fitcore__invoices_currency__BRL ........ [RUN]
03:07:01  35 of 76 PASS not_null_stg_fitcore__plans_plan_id .............................. [PASS in 0.15s]
03:07:01  39 of 76 START test assert_payments_do_not_exceed_invoice ...................... [RUN]
03:07:01  36 of 76 PASS relationships_stg_fitcore__subscriptions_plan_id__plan_id__ref_stg_fitcore__plans_  [PASS in 0.14s]
03:07:01  40 of 76 START test dbt_expectations_expect_column_values_to_be_between_stg_fitcore__invoices_amount__9709__0__False  [RUN]
03:07:01  37 of 76 PASS unique_stg_fitcore__plans_plan_id ................................ [PASS in 0.13s]
03:07:01  41 of 76 START test dbt_expectations_expect_column_values_to_be_in_set_stg_fitcore__invoices_status__paid__open__overdue  [RUN]
03:07:01  38 of 76 PASS accepted_values_stg_fitcore__invoices_currency__BRL .............. [PASS in 0.13s]
03:07:01  42 of 76 START test dbt_expectations_expect_table_row_count_to_be_between_stg_fitcore__invoices_50000__5000  [RUN]
03:07:01  40 of 76 PASS dbt_expectations_expect_column_values_to_be_between_stg_fitcore__invoices_amount__9709__0__False  [PASS in 0.15s]
03:07:01  43 of 76 START test not_null_stg_fitcore__invoices_amount ...................... [RUN]
03:07:01  39 of 76 PASS assert_payments_do_not_exceed_invoice ............................ [PASS in 0.18s]
03:07:01  44 of 76 START test not_null_stg_fitcore__invoices_invoice_id .................. [RUN]
03:07:01  41 of 76 PASS dbt_expectations_expect_column_values_to_be_in_set_stg_fitcore__invoices_status__paid__open__overdue  [PASS in 0.14s]
03:07:01  45 of 76 START test not_null_stg_fitcore__invoices_issued_date ................. [RUN]
03:07:01  42 of 76 PASS dbt_expectations_expect_table_row_count_to_be_between_stg_fitcore__invoices_50000__5000  [PASS in 0.13s]
03:07:01  46 of 76 START test not_null_stg_fitcore__invoices_subscription_id ............. [RUN]
03:07:01  43 of 76 PASS not_null_stg_fitcore__invoices_amount ............................ [PASS in 0.13s]
03:07:01  44 of 76 PASS not_null_stg_fitcore__invoices_invoice_id ........................ [PASS in 0.12s]
03:07:01  47 of 76 START test relationships_stg_fitcore__invoices_subscription_id__subscription_id__ref_stg_fitcore__subscriptions_  [RUN]
03:07:01  48 of 76 START test relationships_stg_fitcore__payments_invoice_id__invoice_id__ref_stg_fitcore__invoices_  [RUN]
03:07:01  45 of 76 PASS not_null_stg_fitcore__invoices_issued_date ....................... [PASS in 0.15s]
03:07:01  49 of 76 START test unique_stg_fitcore__invoices_invoice_id .................... [RUN]
03:07:01  46 of 76 PASS not_null_stg_fitcore__invoices_subscription_id ................... [PASS in 0.19s]
03:07:01  50 of 76 START sql table model intermediate.int_subscriptions_enriched ......... [RUN]
03:07:01  48 of 76 PASS relationships_stg_fitcore__payments_invoice_id__invoice_id__ref_stg_fitcore__invoices_  [PASS in 0.17s]
03:07:01  47 of 76 PASS relationships_stg_fitcore__invoices_subscription_id__subscription_id__ref_stg_fitcore__subscriptions_  [PASS in 0.18s]
03:07:02  49 of 76 PASS unique_stg_fitcore__invoices_invoice_id .......................... [PASS in 0.13s]
03:07:02  51 of 76 START sql table model intermediate.int_month_spine .................... [RUN]
03:07:02  50 of 76 OK created sql table model intermediate.int_subscriptions_enriched .... [OK in 0.13s]
03:07:02  52 of 76 START test dbt_expectations_expect_column_values_to_be_between_int_subscriptions_enriched_mrr_amount__0__True  [RUN]
03:07:02  53 of 76 START test not_null_int_subscriptions_enriched_mrr_amount ............. [RUN]
03:07:02  54 of 76 START test not_null_int_subscriptions_enriched_subscription_id ........ [RUN]
03:07:02  51 of 76 OK created sql table model intermediate.int_month_spine ............... [OK in 0.25s]
03:07:02  55 of 76 START test unique_int_subscriptions_enriched_subscription_id .......... [RUN]
03:07:02  52 of 76 PASS dbt_expectations_expect_column_values_to_be_between_int_subscriptions_enriched_mrr_amount__0__True  [PASS in 0.25s]
03:07:02  56 of 76 START test not_null_int_month_spine_month_start ....................... [RUN]
03:07:02  54 of 76 PASS not_null_int_subscriptions_enriched_subscription_id .............. [PASS in 0.26s]
03:07:02  53 of 76 PASS not_null_int_subscriptions_enriched_mrr_amount ................... [PASS in 0.27s]
03:07:02  57 of 76 START test unique_int_month_spine_month_start ......................... [RUN]
03:07:02  55 of 76 PASS unique_int_subscriptions_enriched_subscription_id ................ [PASS in 0.10s]
03:07:02  59 of 76 START sql table model marts.fct_invoices .............................. [RUN]
03:07:02  58 of 76 START sql table model marts.dim_customers ............................. [RUN]
03:07:02  57 of 76 PASS unique_int_month_spine_month_start ............................... [PASS in 0.13s]
03:07:02  56 of 76 PASS not_null_int_month_spine_month_start ............................. [PASS in 0.15s]
03:07:02  60 of 76 START sql table model intermediate.int_mrr_by_customer_month .......... [RUN]
03:07:02  58 of 76 OK created sql table model marts.dim_customers ........................ [OK in 0.23s]
03:07:02  61 of 76 START test not_null_dim_customers_customer_id ......................... [RUN]
03:07:02  62 of 76 START test unique_dim_customers_customer_id ........................... [RUN]
03:07:02  59 of 76 OK created sql table model marts.fct_invoices ......................... [OK in 0.42s]
03:07:02  61 of 76 PASS not_null_dim_customers_customer_id ............................... [PASS in 0.20s]
03:07:02  62 of 76 PASS unique_dim_customers_customer_id ................................. [PASS in 0.19s]
03:07:02  63 of 76 START test dbt_expectations_expect_column_mean_to_be_between_fct_invoices_net_to_list_ratio__1_0__0_9  [RUN]
03:07:02  64 of 76 START test dbt_expectations_expect_column_values_to_be_within_n_moving_stdevs_fct_invoices_amount__issued_date__billing_period__1__month__3__True__6__6  [RUN]
03:07:02  65 of 76 START test unique_fct_invoices_invoice_id ............................. [RUN]
03:07:02  60 of 76 OK created sql table model intermediate.int_mrr_by_customer_month ..... [OK in 0.43s]
03:07:02  66 of 76 START test accepted_values_int_mrr_by_customer_month_movement_type__new__reactivation__expansion__contraction__churn__retained__inactive  [RUN]
03:07:03  63 of 76 PASS dbt_expectations_expect_column_mean_to_be_between_fct_invoices_net_to_list_ratio__1_0__0_9  [PASS in 0.21s]
03:07:03  65 of 76 PASS unique_fct_invoices_invoice_id ................................... [PASS in 0.21s]
03:07:03  67 of 76 START test dbt_expectations_expect_compound_columns_to_be_unique_int_mrr_by_customer_month_customer_id__month_start  [RUN]
03:07:03  64 of 76 WARN 1 dbt_expectations_expect_column_values_to_be_within_n_moving_stdevs_fct_invoices_amount__issued_date__billing_period__1__month__3__True__6__6  [WARN 1 in 0.22s]
03:07:03  66 of 76 PASS accepted_values_int_mrr_by_customer_month_movement_type__new__reactivation__expansion__contraction__churn__retained__inactive  [PASS in 0.14s]
03:07:03  67 of 76 PASS dbt_expectations_expect_compound_columns_to_be_unique_int_mrr_by_customer_month_customer_id__month_start  [PASS in 0.08s]
03:07:03  68 of 76 START sql table model marts.fct_mrr_movements ......................... [RUN]
03:07:03  69 of 76 START sql table model intermediate.int_mrr_bridge_monthly ............. [RUN]
03:07:03  68 of 76 OK created sql table model marts.fct_mrr_movements .................... [OK in 0.09s]
03:07:03  69 of 76 OK created sql table model intermediate.int_mrr_bridge_monthly ........ [OK in 0.09s]
03:07:03  70 of 76 START test accepted_values_fct_mrr_movements_movement_type__new__reactivation__expansion__contraction__churn  [RUN]
03:07:03  71 of 76 START test assert_mrr_bridge_reconciles ............................... [RUN]
03:07:03  72 of 76 START test not_null_int_mrr_bridge_monthly_month_start ................ [RUN]
03:07:03  73 of 76 START test unique_int_mrr_bridge_monthly_month_start .................. [RUN]
03:07:03  70 of 76 PASS accepted_values_fct_mrr_movements_movement_type__new__reactivation__expansion__contraction__churn  [PASS in 0.11s]
03:07:03  72 of 76 PASS not_null_int_mrr_bridge_monthly_month_start ...................... [PASS in 0.10s]
03:07:03  73 of 76 PASS unique_int_mrr_bridge_monthly_month_start ........................ [PASS in 0.11s]
03:07:03  71 of 76 PASS assert_mrr_bridge_reconciles ..................................... [PASS in 0.11s]
03:07:03  74 of 76 START sql table model marts.fct_mrr_monthly ........................... [RUN]
03:07:03  74 of 76 OK created sql table model marts.fct_mrr_monthly ...................... [OK in 0.06s]
03:07:03  75 of 76 START test dbt_expectations_expect_column_values_to_be_between_fct_mrr_monthly_churned_mrr__0  [RUN]
03:07:03  76 of 76 START test unique_fct_mrr_monthly_month_start ......................... [RUN]
03:07:03  76 of 76 PASS unique_fct_mrr_monthly_month_start ............................... [PASS in 0.06s]
03:07:03  75 of 76 PASS dbt_expectations_expect_column_values_to_be_between_fct_mrr_monthly_churned_mrr__0  [PASS in 0.06s]
03:07:03  
03:07:03  Finished running 1 seed, 8 table models, 62 data tests, 5 view models in 0 hours 0 minutes and 4.09 seconds (4.09s).
03:07:03  
03:07:03  Completed with 1 warning:
03:07:03  
03:07:03  [WARNING]: in test dbt_expectations_expect_column_values_to_be_within_n_moving_stdevs_fct_invoices_amount__issued_date__billing_period__1__month__3__True__6__6 (models/marts/_marts.yml)
03:07:03  [WARNING]: Got 1 result, configured to warn if != 0
03:07:03  
03:07:03    compiled code at target/compiled/fitcore_mrr/models/marts/_marts.yml/dbt_expectations_expect_column_20d43954ba2fc8bca7e3ae589f101c73.sql
03:07:03  
03:07:03    See test failures:
  -------------------------------------------------------------------------------------------------
  select * from "fitcore"."audit"."dbt_expectations_expect_column_20d43954ba2fc8bca7e3ae589f101c73"
  -------------------------------------------------------------------------------------------------
03:07:03  
03:07:03  Done. PASS=75 WARN=1 ERROR=0 SKIP=0 NO-OP=0 REUSED=0 TOTAL=76
Fontes raw restauradas para a versão íntegra.
